// Jest Snapshot v1, https://goo.gl/fbAQLP

exports[`should match the snapshot containing tags and spending 1`] = `
<div>
  <h1>
    Cash Graph Dashboard
  </h1>
  <main
    class="dashboard"
  >
    <section
      class="dashboard__tags"
    >
      <h1>
        The tags are: 
      </h1>
      <div
        class="tags"
      >
        <p
          class="tags__tag"
          style="color: RED;"
        >
          ENTERTAINMENT
        </p>
        <p
          class="tags__tag"
          style="color: BLUE;"
        >
          TRAVEL
        </p>
      </div>
    </section>
    <section
      class="dashboard__spending"
    >
      <a
        href="/spending"
      >
        More Spending ...
      </a>
      <h1>
        Spending ... 
      </h1>
      <section
        class="spending"
      >
        <p>
          Total Spending is Â£10
        </p>
        <p
          class="spending__title"
        >
          testSpendingTitle
        </p>
        <p
          class="spending__title"
        >
          anotherSpendingTitle
        </p>
      </section>
    </section>
  </main>
</div>
`;
