// Jest Snapshot v1, https://goo.gl/fbAQLP

exports[`should edit the information and update the users details 1`] = `
Object {
  "asFragment": [Function],
  "baseElement": <body>
    <div>
      <form>
        <label
          for="name"
        >
          Edit your name
        </label>
        <input
          id="name"
          type="text"
          value="testName"
        />
        <label
          for="email"
        >
          Edit your email
        </label>
        <input
          id="email"
          type="email"
          value="testEmail"
        />
        <button
          type="submit"
        >
          Edit Details
        </button>
      </form>
    </div>
  </body>,
  "container": <div>
    <form>
      <label
        for="name"
      >
        Edit your name
      </label>
      <input
        id="name"
        type="text"
        value="testName"
      />
      <label
        for="email"
      >
        Edit your email
      </label>
      <input
        id="email"
        type="email"
        value="testEmail"
      />
      <button
        type="submit"
      >
        Edit Details
      </button>
    </form>
  </div>,
  "debug": [Function],
  "getAllByAltText": [Function],
  "getAllByDisplayValue": [Function],
  "getAllByLabelText": [Function],
  "getAllByPlaceholderText": [Function],
  "getAllByRole": [Function],
  "getAllBySelectText": [Function],
  "getAllByTestId": [Function],
  "getAllByText": [Function],
  "getAllByTitle": [Function],
  "getAllByValue": [Function],
  "getByAltText": [Function],
  "getByDisplayValue": [Function],
  "getByLabelText": [Function],
  "getByPlaceholderText": [Function],
  "getByRole": [Function],
  "getBySelectText": [Function],
  "getByTestId": [Function],
  "getByText": [Function],
  "getByTitle": [Function],
  "getByValue": [Function],
  "queryAllByAltText": [Function],
  "queryAllByDisplayValue": [Function],
  "queryAllByLabelText": [Function],
  "queryAllByPlaceholderText": [Function],
  "queryAllByRole": [Function],
  "queryAllBySelectText": [Function],
  "queryAllByTestId": [Function],
  "queryAllByText": [Function],
  "queryAllByTitle": [Function],
  "queryAllByValue": [Function],
  "queryByAltText": [Function],
  "queryByDisplayValue": [Function],
  "queryByLabelText": [Function],
  "queryByPlaceholderText": [Function],
  "queryByRole": [Function],
  "queryBySelectText": [Function],
  "queryByTestId": [Function],
  "queryByText": [Function],
  "queryByTitle": [Function],
  "queryByValue": [Function],
  "rerender": [Function],
  "unmount": [Function],
}
`;
